<?xml version="1.0" encoding="UTF-8"?>
<TestRun id="28a87872-6071-4955-83ec-dbb96ac7f2ed" name="N3AR@N3AR-PC 2013-04-21 21:01:11" runUser="N3AR-PC\N3AR" xmlns="http://microsoft.com/schemas/VisualStudio/TeamTest/2010">
  <TestSettings name="Default Test Settings" id="7eb603a2-51f5-4a36-9201-2d9aaccf8580">
    <Execution>
      <TestTypeSpecific />
      <AgentRule name="Execution Agents">
      </AgentRule>
    </Execution>
    <Deployment runDeploymentRoot="N3AR_N3AR-PC 2013-04-21 21_01_11" />
  </TestSettings>
  <Times creation="2013-04-21T21:01:11.4889785-05:00" queuing="2013-04-21T21:01:14.2761380-05:00" start="2013-04-21T21:01:17.5873274-05:00" finish="2013-04-21T21:01:25.6697896-05:00" />
  <ResultSummary outcome="Failed">
    <Counters total="17" executed="17" passed="1" error="0" failed="16" timeout="0" aborted="0" inconclusive="0" passedButRunAborted="0" notRunnable="0" notExecuted="0" disconnected="0" warning="0" completed="0" inProgress="0" pending="0" />
  </ResultSummary>
  <TestDefinitions>
    <UnitTest name="registrarCapacitacionProyectadaxPersonaFallida" storage="testproject1\bin\debug\testproject1.dll" id="9523b06a-693e-313e-4f3b-2b7e2c2f85e0">
      <Execution timeOut="1800000" id="42dcb0ee-ce11-4698-8ecc-8ad58a55c3a7" />
      <TestMethod codeBase="C:/Users/N3AR/Desktop/magah/ModuloPresupuesto2/TestProject1/bin/Debug/TestProject1.dll" adapterTypeName="Microsoft.VisualStudio.TestTools.TestTypes.Unit.UnitTestAdapter, Microsoft.VisualStudio.QualityTools.Tips.UnitTest.Adapter, Version=10.0.0.0, Culture=neutral, PublicKeyToken=b03f5f7f11d50a3a" className="TestProject1.UnitTest2, TestProject1, Version=1.0.0.0, Culture=neutral, PublicKeyToken=null" name="registrarCapacitacionProyectadaxPersonaFallida" />
    </UnitTest>
    <UnitTest name="listarCursos" storage="testproject1\bin\debug\testproject1.dll" id="ef72648b-b91d-0408-88c6-2a1f64c4f918">
      <Execution timeOut="1800000" id="ce8805d0-93b3-4d86-93dc-07866506e57c" />
      <TestMethod codeBase="C:/Users/N3AR/Desktop/magah/ModuloPresupuesto2/TestProject1/bin/Debug/TestProject1.dll" adapterTypeName="Microsoft.VisualStudio.TestTools.TestTypes.Unit.UnitTestAdapter, Microsoft.VisualStudio.QualityTools.Tips.UnitTest.Adapter, Version=10.0.0.0, Culture=neutral, PublicKeyToken=b03f5f7f11d50a3a" className="TestProject1.UnitTest2, TestProject1, Version=1.0.0.0, Culture=neutral, PublicKeyToken=null" name="listarCursos" />
    </UnitTest>
    <UnitTest name="listarLocalidades" storage="testproject1\bin\debug\testproject1.dll" id="7a806536-7e72-70a3-8e90-b3d53cd2dc87">
      <Execution timeOut="1800000" id="3d80b3af-202a-4398-ab58-21e96ff2047f" />
      <TestMethod codeBase="C:/Users/N3AR/Desktop/magah/ModuloPresupuesto2/TestProject1/bin/Debug/TestProject1.dll" adapterTypeName="Microsoft.VisualStudio.TestTools.TestTypes.Unit.UnitTestAdapter, Microsoft.VisualStudio.QualityTools.Tips.UnitTest.Adapter, Version=10.0.0.0, Culture=neutral, PublicKeyToken=b03f5f7f11d50a3a" className="TestProject1.UnitTest2, TestProject1, Version=1.0.0.0, Culture=neutral, PublicKeyToken=null" name="listarLocalidades" />
    </UnitTest>
    <UnitTest name="ActualizarCapacitacionProyectadaFallida" storage="testproject1\bin\debug\testproject1.dll" id="9bbc7ab3-6f29-72d7-cff9-c9c4b6e79679">
      <Execution timeOut="1800000" id="7e109e2c-ae04-492c-a66f-6109b51f46ff" />
      <TestMethod codeBase="C:/Users/N3AR/Desktop/magah/ModuloPresupuesto2/TestProject1/bin/Debug/TestProject1.dll" adapterTypeName="Microsoft.VisualStudio.TestTools.TestTypes.Unit.UnitTestAdapter, Microsoft.VisualStudio.QualityTools.Tips.UnitTest.Adapter, Version=10.0.0.0, Culture=neutral, PublicKeyToken=b03f5f7f11d50a3a" className="TestProject1.UnitTest2, TestProject1, Version=1.0.0.0, Culture=neutral, PublicKeyToken=null" name="ActualizarCapacitacionProyectadaFallida" />
    </UnitTest>
    <UnitTest name="filtroDeAreasXLocalidadesDevuelveNull" storage="testproject1\bin\debug\testproject1.dll" id="236935f0-a46f-1516-7758-aefbf78f5176">
      <Execution timeOut="1800000" id="822736c6-3640-4527-9a8b-ffa77684926d" />
      <TestMethod codeBase="C:/Users/N3AR/Desktop/magah/ModuloPresupuesto2/TestProject1/bin/Debug/TestProject1.dll" adapterTypeName="Microsoft.VisualStudio.TestTools.TestTypes.Unit.UnitTestAdapter, Microsoft.VisualStudio.QualityTools.Tips.UnitTest.Adapter, Version=10.0.0.0, Culture=neutral, PublicKeyToken=b03f5f7f11d50a3a" className="TestProject1.UnitTest2, TestProject1, Version=1.0.0.0, Culture=neutral, PublicKeyToken=null" name="filtroDeAreasXLocalidadesDevuelveNull" />
    </UnitTest>
    <UnitTest name="filtrarSeccionesXAreaLocalidad" storage="testproject1\bin\debug\testproject1.dll" id="ddda1b39-6c8b-64f6-8ad1-a6f24ef70d72">
      <Execution timeOut="1800000" id="a54d7c63-ffed-4411-9662-e9b9ff3092c4" />
      <TestMethod codeBase="C:/Users/N3AR/Desktop/magah/ModuloPresupuesto2/TestProject1/bin/Debug/TestProject1.dll" adapterTypeName="Microsoft.VisualStudio.TestTools.TestTypes.Unit.UnitTestAdapter, Microsoft.VisualStudio.QualityTools.Tips.UnitTest.Adapter, Version=10.0.0.0, Culture=neutral, PublicKeyToken=b03f5f7f11d50a3a" className="TestProject1.UnitTest2, TestProject1, Version=1.0.0.0, Culture=neutral, PublicKeyToken=null" name="filtrarSeccionesXAreaLocalidad" />
    </UnitTest>
    <UnitTest name="TestMethod1" storage="testproject1\bin\debug\testproject1.dll" id="bcbff09f-1bf5-328d-2908-9d4d9ded0753">
      <Execution timeOut="1800000" id="1192d1b3-7e42-441e-a81d-babb1ff5df58" />
      <TestMethod codeBase="C:/Users/N3AR/Desktop/magah/ModuloPresupuesto2/TestProject1/bin/Debug/TestProject1.dll" adapterTypeName="Microsoft.VisualStudio.TestTools.TestTypes.Unit.UnitTestAdapter, Microsoft.VisualStudio.QualityTools.Tips.UnitTest.Adapter, Version=10.0.0.0, Culture=neutral, PublicKeyToken=b03f5f7f11d50a3a" className="TestProject1.UnitTest2, TestProject1, Version=1.0.0.0, Culture=neutral, PublicKeyToken=null" name="TestMethod1" />
    </UnitTest>
    <UnitTest name="listarSecciones" storage="testproject1\bin\debug\testproject1.dll" id="51a48d4b-d125-04fc-1918-5cca1b782f7c">
      <Execution timeOut="1800000" id="25f285b7-76af-4661-ba09-be04a7c7ca5d" />
      <TestMethod codeBase="C:/Users/N3AR/Desktop/magah/ModuloPresupuesto2/TestProject1/bin/Debug/TestProject1.dll" adapterTypeName="Microsoft.VisualStudio.TestTools.TestTypes.Unit.UnitTestAdapter, Microsoft.VisualStudio.QualityTools.Tips.UnitTest.Adapter, Version=10.0.0.0, Culture=neutral, PublicKeyToken=b03f5f7f11d50a3a" className="TestProject1.UnitTest2, TestProject1, Version=1.0.0.0, Culture=neutral, PublicKeyToken=null" name="listarSecciones" />
    </UnitTest>
    <UnitTest name="filtroDeAreasXLocalidades" storage="testproject1\bin\debug\testproject1.dll" id="8186c335-d57c-ee01-c434-fa7c9db00773">
      <Execution timeOut="1800000" id="58d7be6b-05e0-4184-887e-0e0452696aca" />
      <TestMethod codeBase="C:/Users/N3AR/Desktop/magah/ModuloPresupuesto2/TestProject1/bin/Debug/TestProject1.dll" adapterTypeName="Microsoft.VisualStudio.TestTools.TestTypes.Unit.UnitTestAdapter, Microsoft.VisualStudio.QualityTools.Tips.UnitTest.Adapter, Version=10.0.0.0, Culture=neutral, PublicKeyToken=b03f5f7f11d50a3a" className="TestProject1.UnitTest2, TestProject1, Version=1.0.0.0, Culture=neutral, PublicKeyToken=null" name="filtroDeAreasXLocalidades" />
    </UnitTest>
    <UnitTest name="ObtenerCurso" storage="testproject1\bin\debug\testproject1.dll" id="9eaa81b5-4bfb-1eb9-07d8-7d0ff84c4848">
      <Execution timeOut="1800000" id="3398788a-b76d-4688-be9e-409485859a16" />
      <TestMethod codeBase="C:/Users/N3AR/Desktop/magah/ModuloPresupuesto2/TestProject1/bin/Debug/TestProject1.dll" adapterTypeName="Microsoft.VisualStudio.TestTools.TestTypes.Unit.UnitTestAdapter, Microsoft.VisualStudio.QualityTools.Tips.UnitTest.Adapter, Version=10.0.0.0, Culture=neutral, PublicKeyToken=b03f5f7f11d50a3a" className="TestProject1.UnitTest2, TestProject1, Version=1.0.0.0, Culture=neutral, PublicKeyToken=null" name="ObtenerCurso" />
    </UnitTest>
    <UnitTest name="registrarCapacitacionProyectadaxPersonaCorrecto" storage="testproject1\bin\debug\testproject1.dll" id="111e69fa-a82e-9f7a-da68-d691959460bf">
      <Execution timeOut="1800000" id="baa0dcd5-b0e6-4603-9c7a-e00b874ae5e7" />
      <TestMethod codeBase="C:/Users/N3AR/Desktop/magah/ModuloPresupuesto2/TestProject1/bin/Debug/TestProject1.dll" adapterTypeName="Microsoft.VisualStudio.TestTools.TestTypes.Unit.UnitTestAdapter, Microsoft.VisualStudio.QualityTools.Tips.UnitTest.Adapter, Version=10.0.0.0, Culture=neutral, PublicKeyToken=b03f5f7f11d50a3a" className="TestProject1.UnitTest2, TestProject1, Version=1.0.0.0, Culture=neutral, PublicKeyToken=null" name="registrarCapacitacionProyectadaxPersonaCorrecto" />
    </UnitTest>
    <UnitTest name="registrarCapacitacionProyectadaFallida" storage="testproject1\bin\debug\testproject1.dll" id="77e52378-b13c-c9a3-f1c5-57578a9e155a">
      <Execution timeOut="1800000" id="5ef2f6fd-9276-4e4d-af7b-5c1449ff0144" />
      <TestMethod codeBase="C:/Users/N3AR/Desktop/magah/ModuloPresupuesto2/TestProject1/bin/Debug/TestProject1.dll" adapterTypeName="Microsoft.VisualStudio.TestTools.TestTypes.Unit.UnitTestAdapter, Microsoft.VisualStudio.QualityTools.Tips.UnitTest.Adapter, Version=10.0.0.0, Culture=neutral, PublicKeyToken=b03f5f7f11d50a3a" className="TestProject1.UnitTest2, TestProject1, Version=1.0.0.0, Culture=neutral, PublicKeyToken=null" name="registrarCapacitacionProyectadaFallida" />
    </UnitTest>
    <UnitTest name="listarAreas" storage="testproject1\bin\debug\testproject1.dll" id="32d2ffa4-b1ba-9e12-90d6-3ac2d5423f37">
      <Execution timeOut="1800000" id="c2736889-ed2b-4cdc-90c6-336653084e6a" />
      <TestMethod codeBase="C:/Users/N3AR/Desktop/magah/ModuloPresupuesto2/TestProject1/bin/Debug/TestProject1.dll" adapterTypeName="Microsoft.VisualStudio.TestTools.TestTypes.Unit.UnitTestAdapter, Microsoft.VisualStudio.QualityTools.Tips.UnitTest.Adapter, Version=10.0.0.0, Culture=neutral, PublicKeyToken=b03f5f7f11d50a3a" className="TestProject1.UnitTest2, TestProject1, Version=1.0.0.0, Culture=neutral, PublicKeyToken=null" name="listarAreas" />
    </UnitTest>
    <UnitTest name="registrarCapacitacionProyectadaCorrecto" storage="testproject1\bin\debug\testproject1.dll" id="ab2e7f47-8824-d00c-4699-ac0142b7d297">
      <Execution timeOut="1800000" id="1e1578be-36ec-4ba2-a0a2-5a300c25cda8" />
      <TestMethod codeBase="C:/Users/N3AR/Desktop/magah/ModuloPresupuesto2/TestProject1/bin/Debug/TestProject1.dll" adapterTypeName="Microsoft.VisualStudio.TestTools.TestTypes.Unit.UnitTestAdapter, Microsoft.VisualStudio.QualityTools.Tips.UnitTest.Adapter, Version=10.0.0.0, Culture=neutral, PublicKeyToken=b03f5f7f11d50a3a" className="TestProject1.UnitTest2, TestProject1, Version=1.0.0.0, Culture=neutral, PublicKeyToken=null" name="registrarCapacitacionProyectadaCorrecto" />
    </UnitTest>
    <UnitTest name="listarInstituciones" storage="testproject1\bin\debug\testproject1.dll" id="411771ee-565d-ce30-c3c0-2a10f1a713d6">
      <Execution timeOut="1800000" id="41bb9e61-93c7-4d96-8dbe-bfc4408ed692" />
      <TestMethod codeBase="C:/Users/N3AR/Desktop/magah/ModuloPresupuesto2/TestProject1/bin/Debug/TestProject1.dll" adapterTypeName="Microsoft.VisualStudio.TestTools.TestTypes.Unit.UnitTestAdapter, Microsoft.VisualStudio.QualityTools.Tips.UnitTest.Adapter, Version=10.0.0.0, Culture=neutral, PublicKeyToken=b03f5f7f11d50a3a" className="TestProject1.UnitTest2, TestProject1, Version=1.0.0.0, Culture=neutral, PublicKeyToken=null" name="listarInstituciones" />
    </UnitTest>
    <UnitTest name="listaPersona" storage="testproject1\bin\debug\testproject1.dll" id="6e3b7e1b-f153-9f23-dd62-eb4250cc4222">
      <Execution timeOut="1800000" id="e36ec0bd-ccf5-4dd0-8655-4d5b57b71f0f" />
      <TestMethod codeBase="C:/Users/N3AR/Desktop/magah/ModuloPresupuesto2/TestProject1/bin/Debug/TestProject1.dll" adapterTypeName="Microsoft.VisualStudio.TestTools.TestTypes.Unit.UnitTestAdapter, Microsoft.VisualStudio.QualityTools.Tips.UnitTest.Adapter, Version=10.0.0.0, Culture=neutral, PublicKeyToken=b03f5f7f11d50a3a" className="TestProject1.UnitTest2, TestProject1, Version=1.0.0.0, Culture=neutral, PublicKeyToken=null" name="listaPersona" />
    </UnitTest>
    <UnitTest name="ActualizarCapacitacionProyectadaCorrecto" storage="testproject1\bin\debug\testproject1.dll" id="10d726c3-d955-ffb4-3c14-65de4faf385d">
      <Execution timeOut="1800000" id="839b6d7e-f77e-46c9-a55d-7af380744010" />
      <TestMethod codeBase="C:/Users/N3AR/Desktop/magah/ModuloPresupuesto2/TestProject1/bin/Debug/TestProject1.dll" adapterTypeName="Microsoft.VisualStudio.TestTools.TestTypes.Unit.UnitTestAdapter, Microsoft.VisualStudio.QualityTools.Tips.UnitTest.Adapter, Version=10.0.0.0, Culture=neutral, PublicKeyToken=b03f5f7f11d50a3a" className="TestProject1.UnitTest2, TestProject1, Version=1.0.0.0, Culture=neutral, PublicKeyToken=null" name="ActualizarCapacitacionProyectadaCorrecto" />
    </UnitTest>
  </TestDefinitions>
  <TestLists>
    <TestList name="Results Not in a List" id="8c84fa94-04c1-424b-9868-57a2d4851a1d" />
    <TestList name="All Loaded Results" id="19431567-8539-422a-85d7-44ee4e166bda" />
  </TestLists>
  <TestEntries>
    <TestEntry testId="10d726c3-d955-ffb4-3c14-65de4faf385d" executionId="839b6d7e-f77e-46c9-a55d-7af380744010" testListId="8c84fa94-04c1-424b-9868-57a2d4851a1d" />
    <TestEntry testId="9bbc7ab3-6f29-72d7-cff9-c9c4b6e79679" executionId="7e109e2c-ae04-492c-a66f-6109b51f46ff" testListId="8c84fa94-04c1-424b-9868-57a2d4851a1d" />
    <TestEntry testId="ddda1b39-6c8b-64f6-8ad1-a6f24ef70d72" executionId="a54d7c63-ffed-4411-9662-e9b9ff3092c4" testListId="8c84fa94-04c1-424b-9868-57a2d4851a1d" />
    <TestEntry testId="8186c335-d57c-ee01-c434-fa7c9db00773" executionId="58d7be6b-05e0-4184-887e-0e0452696aca" testListId="8c84fa94-04c1-424b-9868-57a2d4851a1d" />
    <TestEntry testId="236935f0-a46f-1516-7758-aefbf78f5176" executionId="822736c6-3640-4527-9a8b-ffa77684926d" testListId="8c84fa94-04c1-424b-9868-57a2d4851a1d" />
    <TestEntry testId="6e3b7e1b-f153-9f23-dd62-eb4250cc4222" executionId="e36ec0bd-ccf5-4dd0-8655-4d5b57b71f0f" testListId="8c84fa94-04c1-424b-9868-57a2d4851a1d" />
    <TestEntry testId="32d2ffa4-b1ba-9e12-90d6-3ac2d5423f37" executionId="c2736889-ed2b-4cdc-90c6-336653084e6a" testListId="8c84fa94-04c1-424b-9868-57a2d4851a1d" />
    <TestEntry testId="ef72648b-b91d-0408-88c6-2a1f64c4f918" executionId="ce8805d0-93b3-4d86-93dc-07866506e57c" testListId="8c84fa94-04c1-424b-9868-57a2d4851a1d" />
    <TestEntry testId="411771ee-565d-ce30-c3c0-2a10f1a713d6" executionId="41bb9e61-93c7-4d96-8dbe-bfc4408ed692" testListId="8c84fa94-04c1-424b-9868-57a2d4851a1d" />
    <TestEntry testId="7a806536-7e72-70a3-8e90-b3d53cd2dc87" executionId="3d80b3af-202a-4398-ab58-21e96ff2047f" testListId="8c84fa94-04c1-424b-9868-57a2d4851a1d" />
    <TestEntry testId="51a48d4b-d125-04fc-1918-5cca1b782f7c" executionId="25f285b7-76af-4661-ba09-be04a7c7ca5d" testListId="8c84fa94-04c1-424b-9868-57a2d4851a1d" />
    <TestEntry testId="9eaa81b5-4bfb-1eb9-07d8-7d0ff84c4848" executionId="3398788a-b76d-4688-be9e-409485859a16" testListId="8c84fa94-04c1-424b-9868-57a2d4851a1d" />
    <TestEntry testId="ab2e7f47-8824-d00c-4699-ac0142b7d297" executionId="1e1578be-36ec-4ba2-a0a2-5a300c25cda8" testListId="8c84fa94-04c1-424b-9868-57a2d4851a1d" />
    <TestEntry testId="77e52378-b13c-c9a3-f1c5-57578a9e155a" executionId="5ef2f6fd-9276-4e4d-af7b-5c1449ff0144" testListId="8c84fa94-04c1-424b-9868-57a2d4851a1d" />
    <TestEntry testId="111e69fa-a82e-9f7a-da68-d691959460bf" executionId="baa0dcd5-b0e6-4603-9c7a-e00b874ae5e7" testListId="8c84fa94-04c1-424b-9868-57a2d4851a1d" />
    <TestEntry testId="9523b06a-693e-313e-4f3b-2b7e2c2f85e0" executionId="42dcb0ee-ce11-4698-8ecc-8ad58a55c3a7" testListId="8c84fa94-04c1-424b-9868-57a2d4851a1d" />
    <TestEntry testId="bcbff09f-1bf5-328d-2908-9d4d9ded0753" executionId="1192d1b3-7e42-441e-a81d-babb1ff5df58" testListId="8c84fa94-04c1-424b-9868-57a2d4851a1d" />
  </TestEntries>
  <Results>
    <UnitTestResult executionId="839b6d7e-f77e-46c9-a55d-7af380744010" testId="10d726c3-d955-ffb4-3c14-65de4faf385d" testName="ActualizarCapacitacionProyectadaCorrecto" computerName="N3AR-PC" duration="00:00:02.1111209" startTime="2013-04-21T21:01:17.7453364-05:00" endTime="2013-04-21T21:01:20.8355131-05:00" testType="13cdc9d9-ddb5-4fa4-a97d-d965ccfc6d4b" outcome="Failed" testListId="8c84fa94-04c1-424b-9868-57a2d4851a1d" relativeResultsDirectory="839b6d7e-f77e-46c9-a55d-7af380744010">
      <Output>
        <ErrorInfo>
          <Message>Assert.AreEqual failed. Expected:&lt;True&gt;. Actual:&lt;False&gt;. </Message>
          <StackTrace>   en TestProject1.UnitTest2.ActualizarCapacitacionProyectadaCorrecto() en c:\Users\N3AR\Desktop\magah\ModuloPresupuesto2\TestProject1\UnitTest2.cs:línea 149
</StackTrace>
        </ErrorInfo>
      </Output>
    </UnitTestResult>
    <UnitTestResult executionId="7e109e2c-ae04-492c-a66f-6109b51f46ff" testId="9bbc7ab3-6f29-72d7-cff9-c9c4b6e79679" testName="ActualizarCapacitacionProyectadaFallida" computerName="N3AR-PC" duration="00:00:00.2272308" startTime="2013-04-21T21:01:20.9695208-05:00" endTime="2013-04-21T21:01:21.3185408-05:00" testType="13cdc9d9-ddb5-4fa4-a97d-d965ccfc6d4b" outcome="Failed" testListId="8c84fa94-04c1-424b-9868-57a2d4851a1d" relativeResultsDirectory="7e109e2c-ae04-492c-a66f-6109b51f46ff">
      <Output>
        <ErrorInfo>
          <Message>Assert.AreEqual failed. Expected:&lt;True&gt;. Actual:&lt;False&gt;. </Message>
          <StackTrace>   en TestProject1.UnitTest2.ActualizarCapacitacionProyectadaFallida() en c:\Users\N3AR\Desktop\magah\ModuloPresupuesto2\TestProject1\UnitTest2.cs:línea 109
</StackTrace>
        </ErrorInfo>
      </Output>
    </UnitTestResult>
    <UnitTestResult executionId="a54d7c63-ffed-4411-9662-e9b9ff3092c4" testId="ddda1b39-6c8b-64f6-8ad1-a6f24ef70d72" testName="filtrarSeccionesXAreaLocalidad" computerName="N3AR-PC" duration="00:00:00.0810297" startTime="2013-04-21T21:01:21.4175464-05:00" endTime="2013-04-21T21:01:21.5955566-05:00" testType="13cdc9d9-ddb5-4fa4-a97d-d965ccfc6d4b" outcome="Failed" testListId="8c84fa94-04c1-424b-9868-57a2d4851a1d" relativeResultsDirectory="a54d7c63-ffed-4411-9662-e9b9ff3092c4">
      <Output>
        <ErrorInfo>
          <Message>Test method TestProject1.UnitTest2.filtrarSeccionesXAreaLocalidad threw exception: 
System.NullReferenceException: Referencia a objeto no establecida como instancia de un objeto.</Message>
          <StackTrace>    en GNRS.ModuloPresupuesto.BL.BC.CapacitarProyectadoBC.filtrarSeccionesXAreaLocalidad(Int32 codigoArea, Int32 codigoLocalidad) en c:\Users\N3AR\Desktop\magah\ModuloPresupuesto2\GNRS.ModuloPresupuesto.BL.BC\CapacitarProyectadoBC.cs:línea 97
   en TestProject1.UnitTest2.filtrarSeccionesXAreaLocalidad() en c:\Users\N3AR\Desktop\magah\ModuloPresupuesto2\TestProject1\UnitTest2.cs:línea 63
</StackTrace>
        </ErrorInfo>
      </Output>
    </UnitTestResult>
    <UnitTestResult executionId="58d7be6b-05e0-4184-887e-0e0452696aca" testId="8186c335-d57c-ee01-c434-fa7c9db00773" testName="filtroDeAreasXLocalidades" computerName="N3AR-PC" duration="00:00:00.0867673" startTime="2013-04-21T21:01:21.7235639-05:00" endTime="2013-04-21T21:01:21.8515713-05:00" testType="13cdc9d9-ddb5-4fa4-a97d-d965ccfc6d4b" outcome="Failed" testListId="8c84fa94-04c1-424b-9868-57a2d4851a1d" relativeResultsDirectory="58d7be6b-05e0-4184-887e-0e0452696aca">
      <Output>
        <ErrorInfo>
          <Message>Test method TestProject1.UnitTest2.filtroDeAreasXLocalidades threw exception: 
System.NullReferenceException: Referencia a objeto no establecida como instancia de un objeto.</Message>
          <StackTrace>    en GNRS.ModuloPresupuesto.BL.BC.CapacitarProyectadoBC.filtrarAreasXLocalidad(Int32 codigoLocalidad) en c:\Users\N3AR\Desktop\magah\ModuloPresupuesto2\GNRS.ModuloPresupuesto.BL.BC\CapacitarProyectadoBC.cs:línea 69
   en TestProject1.UnitTest2.filtroDeAreasXLocalidades() en c:\Users\N3AR\Desktop\magah\ModuloPresupuesto2\TestProject1\UnitTest2.cs:línea 48
</StackTrace>
        </ErrorInfo>
      </Output>
    </UnitTestResult>
    <UnitTestResult executionId="822736c6-3640-4527-9a8b-ffa77684926d" testId="236935f0-a46f-1516-7758-aefbf78f5176" testName="filtroDeAreasXLocalidadesDevuelveNull" computerName="N3AR-PC" duration="00:00:00.0121068" startTime="2013-04-21T21:01:21.8785728-05:00" endTime="2013-04-21T21:01:21.9005741-05:00" testType="13cdc9d9-ddb5-4fa4-a97d-d965ccfc6d4b" outcome="Failed" testListId="8c84fa94-04c1-424b-9868-57a2d4851a1d" relativeResultsDirectory="822736c6-3640-4527-9a8b-ffa77684926d">
      <Output>
        <ErrorInfo>
          <Message>Test method TestProject1.UnitTest2.filtroDeAreasXLocalidadesDevuelveNull threw exception: 
System.NullReferenceException: Referencia a objeto no establecida como instancia de un objeto.</Message>
          <StackTrace>    en GNRS.ModuloPresupuesto.BL.BC.CapacitarProyectadoBC.filtrarAreasXLocalidad(Int32 codigoLocalidad) en c:\Users\N3AR\Desktop\magah\ModuloPresupuesto2\GNRS.ModuloPresupuesto.BL.BC\CapacitarProyectadoBC.cs:línea 69
   en TestProject1.UnitTest2.filtroDeAreasXLocalidadesDevuelveNull() en c:\Users\N3AR\Desktop\magah\ModuloPresupuesto2\TestProject1\UnitTest2.cs:línea 55
</StackTrace>
        </ErrorInfo>
      </Output>
    </UnitTestResult>
    <UnitTestResult executionId="e36ec0bd-ccf5-4dd0-8655-4d5b57b71f0f" testId="6e3b7e1b-f153-9f23-dd62-eb4250cc4222" testName="listaPersona" computerName="N3AR-PC" duration="00:00:00.1808769" startTime="2013-04-21T21:01:21.9195751-05:00" endTime="2013-04-21T21:01:22.2105918-05:00" testType="13cdc9d9-ddb5-4fa4-a97d-d965ccfc6d4b" outcome="Failed" testListId="8c84fa94-04c1-424b-9868-57a2d4851a1d" relativeResultsDirectory="e36ec0bd-ccf5-4dd0-8655-4d5b57b71f0f">
      <Output>
        <ErrorInfo>
          <Message>Test method TestProject1.UnitTest2.listaPersona threw exception: 
System.ArgumentException: La conexión con nombre especificada no se encuentra en la configuración, no es apropiada para ser utilizada con el proveedor de EntityClient, o no es válida.</Message>
          <StackTrace>    en System.Data.EntityClient.EntityConnection.ChangeConnectionString(String newConnectionString)
   en System.Data.EntityClient.EntityConnection..ctor(String connectionString)
   en System.Data.Objects.ObjectContext.CreateEntityConnection(String connectionString)
   en System.Data.Objects.ObjectContext..ctor(String connectionString)
   en System.Data.Objects.ObjectContext..ctor(String connectionString, String defaultContainerName)
   en GNRS.ModuloPresupuesto.DL.DALC.PresupuestoDBEntities..ctor() en c:\Users\N3AR\Desktop\magah\ModuloPresupuesto2\GNRS.ModuloPresupuesto.DL.DALC\ModuloPresupuestoModel.Designer.cs:línea 53
   en GNRS.ModuloPresupuesto.DL.DALC.PersonaDALC.listarPersonasProyectado(Int32 codigolocalidad, Int32 codigoarea, Int32 codigoseccion) en c:\Users\N3AR\Desktop\magah\ModuloPresupuesto2\GNRS.ModuloPresupuesto.DL.DALC\PersonaDALC.cs:línea 57
   en GNRS.ModuloPresupuesto.BL.BC.CapacitarProyectadoBC.listarPersona(Int32 codigolocalidad, Int32 codigoarea, Int32 codigoseccion) en c:\Users\N3AR\Desktop\magah\ModuloPresupuesto2\GNRS.ModuloPresupuesto.BL.BC\CapacitarProyectadoBC.cs:línea 48
   en TestProject1.UnitTest2.listaPersona() en c:\Users\N3AR\Desktop\magah\ModuloPresupuesto2\TestProject1\UnitTest2.cs:línea 155
</StackTrace>
        </ErrorInfo>
      </Output>
    </UnitTestResult>
    <UnitTestResult executionId="c2736889-ed2b-4cdc-90c6-336653084e6a" testId="32d2ffa4-b1ba-9e12-90d6-3ac2d5423f37" testName="listarAreas" computerName="N3AR-PC" duration="00:00:00.0122893" startTime="2013-04-21T21:01:22.3095975-05:00" endTime="2013-04-21T21:01:22.3876019-05:00" testType="13cdc9d9-ddb5-4fa4-a97d-d965ccfc6d4b" outcome="Failed" testListId="8c84fa94-04c1-424b-9868-57a2d4851a1d" relativeResultsDirectory="c2736889-ed2b-4cdc-90c6-336653084e6a">
      <Output>
        <ErrorInfo>
          <Message>Assert.IsNotNull failed. </Message>
          <StackTrace>   en TestProject1.UnitTest2.listarAreas() en c:\Users\N3AR\Desktop\magah\ModuloPresupuesto2\TestProject1\UnitTest2.cs:línea 34
</StackTrace>
        </ErrorInfo>
      </Output>
    </UnitTestResult>
    <UnitTestResult executionId="ce8805d0-93b3-4d86-93dc-07866506e57c" testId="ef72648b-b91d-0408-88c6-2a1f64c4f918" testName="listarCursos" computerName="N3AR-PC" duration="00:00:00.1885451" startTime="2013-04-21T21:01:22.4286043-05:00" endTime="2013-04-21T21:01:22.8046258-05:00" testType="13cdc9d9-ddb5-4fa4-a97d-d965ccfc6d4b" outcome="Failed" testListId="8c84fa94-04c1-424b-9868-57a2d4851a1d" relativeResultsDirectory="ce8805d0-93b3-4d86-93dc-07866506e57c">
      <Output>
        <ErrorInfo>
          <Message>Assert.IsNotNull failed. </Message>
          <StackTrace>   en TestProject1.UnitTest2.listarCursos() en c:\Users\N3AR\Desktop\magah\ModuloPresupuesto2\TestProject1\UnitTest2.cs:línea 78
</StackTrace>
        </ErrorInfo>
      </Output>
    </UnitTestResult>
    <UnitTestResult executionId="41bb9e61-93c7-4d96-8dbe-bfc4408ed692" testId="411771ee-565d-ce30-c3c0-2a10f1a713d6" testName="listarInstituciones" computerName="N3AR-PC" duration="00:00:00.0973952" startTime="2013-04-21T21:01:22.9296329-05:00" endTime="2013-04-21T21:01:23.1546458-05:00" testType="13cdc9d9-ddb5-4fa4-a97d-d965ccfc6d4b" outcome="Failed" testListId="8c84fa94-04c1-424b-9868-57a2d4851a1d" relativeResultsDirectory="41bb9e61-93c7-4d96-8dbe-bfc4408ed692">
      <Output>
        <ErrorInfo>
          <Message>Assert.IsNotNull failed. </Message>
          <StackTrace>   en TestProject1.UnitTest2.listarInstituciones() en c:\Users\N3AR\Desktop\magah\ModuloPresupuesto2\TestProject1\UnitTest2.cs:línea 71
</StackTrace>
        </ErrorInfo>
      </Output>
    </UnitTestResult>
    <UnitTestResult executionId="3d80b3af-202a-4398-ab58-21e96ff2047f" testId="7a806536-7e72-70a3-8e90-b3d53cd2dc87" testName="listarLocalidades" computerName="N3AR-PC" duration="00:00:00.1248560" startTime="2013-04-21T21:01:23.2936537-05:00" endTime="2013-04-21T21:01:23.4596632-05:00" testType="13cdc9d9-ddb5-4fa4-a97d-d965ccfc6d4b" outcome="Failed" testListId="8c84fa94-04c1-424b-9868-57a2d4851a1d" relativeResultsDirectory="3d80b3af-202a-4398-ab58-21e96ff2047f">
      <Output>
        <ErrorInfo>
          <Message>Assert.IsNotNull failed. </Message>
          <StackTrace>   en TestProject1.UnitTest2.listarLocalidades() en c:\Users\N3AR\Desktop\magah\ModuloPresupuesto2\TestProject1\UnitTest2.cs:línea 27
</StackTrace>
        </ErrorInfo>
      </Output>
    </UnitTestResult>
    <UnitTestResult executionId="25f285b7-76af-4661-ba09-be04a7c7ca5d" testId="51a48d4b-d125-04fc-1918-5cca1b782f7c" testName="listarSecciones" computerName="N3AR-PC" duration="00:00:00.2320887" startTime="2013-04-21T21:01:23.5696695-05:00" endTime="2013-04-21T21:01:23.9816931-05:00" testType="13cdc9d9-ddb5-4fa4-a97d-d965ccfc6d4b" outcome="Failed" testListId="8c84fa94-04c1-424b-9868-57a2d4851a1d" relativeResultsDirectory="25f285b7-76af-4661-ba09-be04a7c7ca5d">
      <Output>
        <ErrorInfo>
          <Message>Assert.IsNotNull failed. </Message>
          <StackTrace>   en TestProject1.UnitTest2.listarSecciones() en c:\Users\N3AR\Desktop\magah\ModuloPresupuesto2\TestProject1\UnitTest2.cs:línea 41
</StackTrace>
        </ErrorInfo>
      </Output>
    </UnitTestResult>
    <UnitTestResult executionId="3398788a-b76d-4688-be9e-409485859a16" testId="9eaa81b5-4bfb-1eb9-07d8-7d0ff84c4848" testName="ObtenerCurso" computerName="N3AR-PC" duration="00:00:00.1237916" startTime="2013-04-21T21:01:24.3217125-05:00" endTime="2013-04-21T21:01:24.5917280-05:00" testType="13cdc9d9-ddb5-4fa4-a97d-d965ccfc6d4b" outcome="Failed" testListId="8c84fa94-04c1-424b-9868-57a2d4851a1d" relativeResultsDirectory="3398788a-b76d-4688-be9e-409485859a16">
      <Output>
        <ErrorInfo>
          <Message>Assert.IsNotNull failed. </Message>
          <StackTrace>   en TestProject1.UnitTest2.ObtenerCurso() en c:\Users\N3AR\Desktop\magah\ModuloPresupuesto2\TestProject1\UnitTest2.cs:línea 85
</StackTrace>
        </ErrorInfo>
      </Output>
    </UnitTestResult>
    <UnitTestResult executionId="1e1578be-36ec-4ba2-a0a2-5a300c25cda8" testId="ab2e7f47-8824-d00c-4699-ac0142b7d297" testName="registrarCapacitacionProyectadaCorrecto" computerName="N3AR-PC" duration="00:00:00.0288016" startTime="2013-04-21T21:01:24.6897336-05:00" endTime="2013-04-21T21:01:24.7337361-05:00" testType="13cdc9d9-ddb5-4fa4-a97d-d965ccfc6d4b" outcome="Failed" testListId="8c84fa94-04c1-424b-9868-57a2d4851a1d" relativeResultsDirectory="1e1578be-36ec-4ba2-a0a2-5a300c25cda8">
      <Output>
        <ErrorInfo>
          <Message>Test method TestProject1.UnitTest2.registrarCapacitacionProyectadaCorrecto threw exception: 
System.ArgumentException: La conexión con nombre especificada no se encuentra en la configuración, no es apropiada para ser utilizada con el proveedor de EntityClient, o no es válida.</Message>
          <StackTrace>    en System.Data.EntityClient.EntityConnection.ChangeConnectionString(String newConnectionString)
   en System.Data.EntityClient.EntityConnection..ctor(String connectionString)
   en System.Data.Objects.ObjectContext.CreateEntityConnection(String connectionString)
   en System.Data.Objects.ObjectContext..ctor(String connectionString)
   en System.Data.Objects.ObjectContext..ctor(String connectionString, String defaultContainerName)
   en GNRS.ModuloPresupuesto.DL.DALC.PresupuestoDBEntities..ctor() en c:\Users\N3AR\Desktop\magah\ModuloPresupuesto2\GNRS.ModuloPresupuesto.DL.DALC\ModuloPresupuestoModel.Designer.cs:línea 53
   en GNRS.ModuloPresupuesto.DL.DALC.CapacitarProyectadoDALC.insertarCapacitacionProyectada(PRESUPUESTO_CAPACITACION objcapacitacion) en c:\Users\N3AR\Desktop\magah\ModuloPresupuesto2\GNRS.ModuloPresupuesto.DL.DALC\CapacitarProyectadoDALC.cs:línea 25
   en GNRS.ModuloPresupuesto.BL.BC.CapacitarProyectadoBC.insertarcapacitacionProyectada(PRESUPUESTO_CAPACITACION objcapacitacion) en c:\Users\N3AR\Desktop\magah\ModuloPresupuesto2\GNRS.ModuloPresupuesto.BL.BC\CapacitarProyectadoBC.cs:línea 117
   en TestProject1.UnitTest2.registrarCapacitacionProyectadaCorrecto() en c:\Users\N3AR\Desktop\magah\ModuloPresupuesto2\TestProject1\UnitTest2.cs:línea 138
</StackTrace>
        </ErrorInfo>
      </Output>
    </UnitTestResult>
    <UnitTestResult executionId="5ef2f6fd-9276-4e4d-af7b-5c1449ff0144" testId="77e52378-b13c-c9a3-f1c5-57578a9e155a" testName="registrarCapacitacionProyectadaFallida" computerName="N3AR-PC" duration="00:00:00.0390978" startTime="2013-04-21T21:01:24.7587375-05:00" endTime="2013-04-21T21:01:24.8697439-05:00" testType="13cdc9d9-ddb5-4fa4-a97d-d965ccfc6d4b" outcome="Failed" testListId="8c84fa94-04c1-424b-9868-57a2d4851a1d" relativeResultsDirectory="5ef2f6fd-9276-4e4d-af7b-5c1449ff0144">
      <Output>
        <ErrorInfo>
          <Message>Test method TestProject1.UnitTest2.registrarCapacitacionProyectadaFallida threw exception: 
System.ArgumentException: La conexión con nombre especificada no se encuentra en la configuración, no es apropiada para ser utilizada con el proveedor de EntityClient, o no es válida.</Message>
          <StackTrace>    en System.Data.EntityClient.EntityConnection.ChangeConnectionString(String newConnectionString)
   en System.Data.EntityClient.EntityConnection..ctor(String connectionString)
   en System.Data.Objects.ObjectContext.CreateEntityConnection(String connectionString)
   en System.Data.Objects.ObjectContext..ctor(String connectionString)
   en System.Data.Objects.ObjectContext..ctor(String connectionString, String defaultContainerName)
   en GNRS.ModuloPresupuesto.DL.DALC.PresupuestoDBEntities..ctor() en c:\Users\N3AR\Desktop\magah\ModuloPresupuesto2\GNRS.ModuloPresupuesto.DL.DALC\ModuloPresupuestoModel.Designer.cs:línea 53
   en GNRS.ModuloPresupuesto.DL.DALC.CapacitarProyectadoDALC.insertarCapacitacionProyectada(PRESUPUESTO_CAPACITACION objcapacitacion) en c:\Users\N3AR\Desktop\magah\ModuloPresupuesto2\GNRS.ModuloPresupuesto.DL.DALC\CapacitarProyectadoDALC.cs:línea 25
   en GNRS.ModuloPresupuesto.BL.BC.CapacitarProyectadoBC.insertarcapacitacionProyectada(PRESUPUESTO_CAPACITACION objcapacitacion) en c:\Users\N3AR\Desktop\magah\ModuloPresupuesto2\GNRS.ModuloPresupuesto.BL.BC\CapacitarProyectadoBC.cs:línea 117
   en TestProject1.UnitTest2.registrarCapacitacionProyectadaFallida() en c:\Users\N3AR\Desktop\magah\ModuloPresupuesto2\TestProject1\UnitTest2.cs:línea 100
</StackTrace>
        </ErrorInfo>
      </Output>
    </UnitTestResult>
    <UnitTestResult executionId="baa0dcd5-b0e6-4603-9c7a-e00b874ae5e7" testId="111e69fa-a82e-9f7a-da68-d691959460bf" testName="registrarCapacitacionProyectadaxPersonaCorrecto" computerName="N3AR-PC" duration="00:00:00.1037456" startTime="2013-04-21T21:01:24.9137464-05:00" endTime="2013-04-21T21:01:25.0337533-05:00" testType="13cdc9d9-ddb5-4fa4-a97d-d965ccfc6d4b" outcome="Failed" testListId="8c84fa94-04c1-424b-9868-57a2d4851a1d" relativeResultsDirectory="baa0dcd5-b0e6-4603-9c7a-e00b874ae5e7">
      <Output>
        <ErrorInfo>
          <Message>Assert.AreEqual failed. Expected:&lt;True&gt;. Actual:&lt;False&gt;. </Message>
          <StackTrace>   en TestProject1.UnitTest2.registrarCapacitacionProyectadaxPersonaCorrecto() en c:\Users\N3AR\Desktop\magah\ModuloPresupuesto2\TestProject1\UnitTest2.cs:línea 120
</StackTrace>
        </ErrorInfo>
      </Output>
    </UnitTestResult>
    <UnitTestResult executionId="42dcb0ee-ce11-4698-8ecc-8ad58a55c3a7" testId="9523b06a-693e-313e-4f3b-2b7e2c2f85e0" testName="registrarCapacitacionProyectadaxPersonaFallida" computerName="N3AR-PC" duration="00:00:00.0084050" startTime="2013-04-21T21:01:25.0387536-05:00" endTime="2013-04-21T21:01:25.0637550-05:00" testType="13cdc9d9-ddb5-4fa4-a97d-d965ccfc6d4b" outcome="Failed" testListId="8c84fa94-04c1-424b-9868-57a2d4851a1d" relativeResultsDirectory="42dcb0ee-ce11-4698-8ecc-8ad58a55c3a7">
      <Output>
        <ErrorInfo>
          <Message>Assert.AreEqual failed. Expected:&lt;True&gt;. Actual:&lt;False&gt;. </Message>
          <StackTrace>   en TestProject1.UnitTest2.registrarCapacitacionProyectadaxPersonaFallida() en c:\Users\N3AR\Desktop\magah\ModuloPresupuesto2\TestProject1\UnitTest2.cs:línea 93
</StackTrace>
        </ErrorInfo>
      </Output>
    </UnitTestResult>
    <UnitTestResult executionId="1192d1b3-7e42-441e-a81d-babb1ff5df58" testId="bcbff09f-1bf5-328d-2908-9d4d9ded0753" testName="TestMethod1" computerName="N3AR-PC" duration="00:00:00.0047315" startTime="2013-04-21T21:01:25.1157580-05:00" endTime="2013-04-21T21:01:25.1357591-05:00" testType="13cdc9d9-ddb5-4fa4-a97d-d965ccfc6d4b" outcome="Passed" testListId="8c84fa94-04c1-424b-9868-57a2d4851a1d" relativeResultsDirectory="1192d1b3-7e42-441e-a81d-babb1ff5df58">
    </UnitTestResult>
  </Results>
</TestRun>